[
  [
    {
      "weapons": [
        "Kamura Wand",
        "Full Metal Staff"
      ],
      "character": "Aerith"
    }
  ],
  [
    {
      "weapons": [
        "Gambanteinn",
        "Full Metal Staff"
      ],
      "character": "Aerith"
    }
  ]
]
